// Jest Snapshot v1, https://goo.gl/fbAQLP

exports[`button 是个div 1`] = `
<button
  className="cyber-button"
/>
`;
